ABCSRSV4.GSB
alhpgn.gsb
arhpgn.gsb
azhpgn.gsb
BC_27_05.GSB
BC_93_05.GSB
c1hpgn.gsb
c2hpgn.gsb
CGG2013ai08.gtx
CGG2013an83.gtx
CGG2013i08.gtx
CGG2013n83.gtx
cnhpgn.gsb
cohpgn.gsb
CQ77SCRS.GSB
CRD27_00.GSB
CRD93_00.GSB
emhpgn.gsb
ethpgn.gsb
flhpgn.gsb
g1999a01.gtx
g1999a02.gtx
g1999a03.gtx
g1999a04.gtx
g1999h01.gtx
g1999p01.gtx
g1999u01.gtx
g1999u02.gtx
g1999u03.gtx
g1999u04.gtx
g1999u05.gtx
g1999u06.gtx
g1999u07.gtx
g1999u08.gtx
g2003a01.gtx
g2003a02.gtx
g2003a03.gtx
g2003a04.gtx
g2003h01.gtx
g2003p01.gtx
g2009g01.gtx
g2009h01.gtx
g2009p01.gtx
g2009s01.gtx
g2012ba0.gtx
g2012bg0.gtx
g2012bh0.gtx
g2012bp0.gtx
g2012bs0.gtx
g2012bu0.gtx
g2018p0.gtx
g2018u0.gtx
gahpgn.gsb
geoid03_conus.gtx
geoid06_ak.gtx
geoid09_ak.gtx
geoid09_conus.gtx
GL
GS7783.GSB
guhpgn.gsb
gvr2000.gtx
gvr2016.gtx
hihpgn.gsb
HT2_2010v70.gtx
iahpgn.gsb
ilhpgn.gsb
inhpgn.gsb
kyhpgn.gsb
lahpgn.gsb
MAY76V20.gsb
mdhpgn.gsb
mehpgn.gsb
mihpgn.gsb
mnhpgn.gsb
mohpgn.gsb
NA27SCRS.GSB
NA83SCRS.GSB
NB2783v2.GSB
NB7783v2.GSB
nbhpgn.gsb
nchpgn.gsb
ndhpgn.gsb
nehpgn.gsb
njhpgn.gsb
nmhpgn.gsb
NS778302.GSB
ntv2_0.gsb
nvhpgn.gsb
NVI93_05.GSB
nyhpgn.gsb
ohhpgn.gsb
okhpgn.gsb
ON27CSv1.GSB
ON76CSv1.GSB
ON83CSv1.GSB
pahpgn.gsb
PE7783V2.GSB
pvhpgn.gsb
README.NORTHAMERICA
schpgn.gsb
sdhpgn.gsb
SK27-98.GSB
SK83-98.GSB
tnhpgn.gsb
TO27CSv1.GSB
uthpgn.gsb
vahpgn.gsb
vertconc.gtx
vertcone.gtx
vertconw.gtx
wihpgn.gsb
wmhpgn.gsb
wohpgn.gsb
wthpgn.gsb
wvhpgn.gsb
wyhpgn.gsb
