100800401.gsb
AT_GIS_GRID.gsb
bd72lb72_etrs89lb08.gsb
BWTA2017.gsb
CGVD2013RGSPM06.gtx
CHENyx06a.gsb
CHENyx06_ETRS.gsb
D73_ETRS89_geo.gsb
DK
DK_bornholm.pol
DK_bridges.pol
DK_general.pol
DK_jutland.pol
DK_zealand.pol
DLx_ETRS89_geo.gsb
dnn.gtx
dvr90.gtx
FO
FO_fk89.pol
fvr09.gtx
gg10_sbv2.gtx
gg10_smv2.gtx
ggg00_lsv2.gtx
ggg00_mgv2.gtx
ggg00_sbv2.gtx
ggg00_smv2.gtx
ggg00v2.gtx
ggguy15.gtx
ggker08v2.gtx
ggm00v2.gtx
ggm04v1.gtx
ggpf02-Bora.gtx
ggpf02-Huahine.gtx
ggpf02-Maiao.gtx
ggpf02-Maupiti.gtx
ggpf02-Raiatea.gtx
ggpf02-Tahaa.gtx
ggpf02-Tupai.gtx
ggpf05-HivaOa.gtx
ggpf05-Nuku.gtx
ggpf08-Fakarava.gtx
ggpf08-Gambier.gtx
ggpf08-Hao.gtx
ggpf08-Mataiva.gtx
ggpf08-Raivavae.gtx
ggpf08-Reao.gtx
ggpf08-Rurutu.gtx
ggpf08-Tikehau.gtx
ggpf08-Tubuai.gtx
ggpf10-Moorea.gtx
ggpf10-Tahiti.gtx
ggspm06v1.gtx
Icegeoid_ISN2004.gtx
Icegeoid_ISN2016.gtx
Icegeoid_ISN93.gtx
ISL
ISN2004_ISN2016.gsb
ISN2004_ISN2016.gtx
ISN93_ISN2016.gsb
ISN93_ISN2016.gtx
ISN_vel_beta.ct2
ISN_vel_beta.gtx
NKG
nkgrf03vel_realigned_xy.ct2
nkgrf03vel_realigned_z.gtx
NTv2_SN.gsb
OSGM15_Belfast.gtx
OSGM15_Malin.gtx
OSTN15_NTv2_OSGBtoETRS.gsb
RAC09.gtx
RAF09.gtx
RAF18.gtx
RAGTBT2016.gtx
RALD2016.gtx
RALDW842016.gtx
RALS2016.gtx
RAMART2016.gtx
RAMG2016.gtx
RAR07_bl.gtx
RASPM2018.gtx
README.EUROPE
SeTa2016.gsb
SWEN17_RH2000.gtx
